./normal/result/15_8.csv
+++++++++++++++++++++++++++++++++++
res: 10000000
===================================
CF algorithm rule:
(1) appro.denominator < N
(2) abs(appro-frac) < threshold
===================================
Analyzing fraction: 1/2
N = 15, a=8
-----------------------------------
0th appro: 0
abs_diff: 1/2
possible_order: 1
The possible order is odd or 0
-----------------------------------
1th appro: 1/2
abs_diff: 0
possible_order: 2
Factors: 3, 5
+++++++++++++++++++++++++++++++++++
res: 01000000
===================================
CF algorithm rule:
(1) appro.denominator < N
(2) abs(appro-frac) < threshold
===================================
Analyzing fraction: 1/4
N = 15, a=8
-----------------------------------
0th appro: 0
abs_diff: 1/4
possible_order: 1
The possible order is odd or 0
-----------------------------------
1th appro: 1/4
abs_diff: 0
possible_order: 4
Factors: 5, 3
+++++++++++++++++++++++++++++++++++
res: 11000000
===================================
CF algorithm rule:
(1) appro.denominator < N
(2) abs(appro-frac) < threshold
===================================
Analyzing fraction: 3/4
N = 15, a=8
-----------------------------------
0th appro: 0
abs_diff: 3/4
possible_order: 1
The possible order is odd or 0
-----------------------------------
1th appro: 1
abs_diff: 1/4
possible_order: 1
The possible order is odd or 0
-----------------------------------
2th appro: 3/4
abs_diff: 0
possible_order: 4
Factors: 5, 3
+++++++++++++++++++++++++++++++++++
res: 00000000
===================================
CF algorithm rule:
(1) appro.denominator < N
(2) abs(appro-frac) < threshold
===================================
Analyzing fraction: 0
N = 15, a=8
-----------------------------------
0th appro: 0
abs_diff: 0
possible_order: 1
The possible order is odd or 0
-----------------------------------

***********************************
Success res: ['10000000', '01000000', '11000000']
***********************************
